exports[`test Renders properly 1`] = `
<Card
  expandable={false}
  expanded={null}
  initiallyExpanded={false}>
  <CardTitle
    title="Starting Order for Day 4" />
  <CardText>
    <Connect(DivisionTable)
      crews={
        Array [
          Object {},
          Object {},
        ]
      }
      day={3}
      division="0"
      sex="male" />
    <Connect(DivisionTable)
      crews={
        Array [
          Object {},
          Object {},
        ]
      }
      day={3}
      division="1"
      sex="male" />
  </CardText>
</Card>
`;
