exports[`test Renders properly 1`] = `
<Card
  expandable={false}
  expanded={null}
  initiallyExpanded={false}>
  <CardTitle
    title="Current Score" />
  <CardText>
    <Table
      allRowsSelected={false}
      fixedFooter={true}
      fixedHeader={true}
      height="inherit"
      multiSelectable={false}
      selectable={false}>
      <TableBody
        allRowsSelected={false}
        deselectOnClickaway={true}
        displayRowCheckbox={false}
        multiSelectable={false}
        preScanRows={true}
        selectable={true}
        style={Object {}}>
        <TableRow
          displayBorder={true}
          hoverable={false}
          hovered={false}
          selectable={true}
          selected={false}
          striped={false}>
          <TableRowColumn
            hoverable={false}>
            Bumps
          </TableRowColumn>
          <TableRowColumn
            hoverable={false}>
            3
          </TableRowColumn>
        </TableRow>
        <TableRow
          displayBorder={true}
          hoverable={false}
          hovered={false}
          selectable={true}
          selected={false}
          striped={false}>
          <TableRowColumn
            hoverable={false}>
            Cash
          </TableRowColumn>
          <TableRowColumn
            hoverable={false}>
            123.4
          </TableRowColumn>
        </TableRow>
        <TableRow
          displayBorder={true}
          hoverable={false}
          hovered={false}
          selectable={true}
          selected={false}
          striped={false}>
          <TableRowColumn
            hoverable={false}>
            Crew Value
          </TableRowColumn>
          <TableRowColumn
            hoverable={false}>
            1823.43
          </TableRowColumn>
        </TableRow>
        <TableRow
          displayBorder={true}
          hoverable={false}
          hovered={false}
          selectable={true}
          selected={false}
          striped={false}>
          <TableRowColumn
            hoverable={false}>
            Dividends
          </TableRowColumn>
          <TableRowColumn
            hoverable={false}>
            234.23
          </TableRowColumn>
        </TableRow>
        <TableRow
          displayBorder={true}
          hoverable={false}
          hovered={false}
          selectable={true}
          selected={false}
          striped={false}>
          <TableRowColumn
            hoverable={false}>
            Score
          </TableRowColumn>
          <TableRowColumn
            hoverable={false}>
            1946.83
          </TableRowColumn>
        </TableRow>
      </TableBody>
    </Table>
  </CardText>
</Card>
`;
