exports[`test Renders properly 1`] = `
<Card
  expandable={false}
  expanded={null}
  initiallyExpanded={false}>
  <CardTitle
    title="User Details" />
  <CardText>
    <Table
      allRowsSelected={false}
      fixedFooter={true}
      fixedHeader={true}
      height="inherit"
      multiSelectable={false}
      selectable={false}>
      <TableBody
        allRowsSelected={false}
        deselectOnClickaway={true}
        displayRowCheckbox={false}
        multiSelectable={false}
        preScanRows={true}
        selectable={true}
        style={Object {}}>
        <TableRow
          displayBorder={true}
          hoverable={false}
          hovered={false}
          selectable={true}
          selected={false}
          striped={false}>
          <TableRowColumn
            hoverable={false}>
            Username
          </TableRowColumn>
          <TableRowColumn
            hoverable={false}>
            UserName
          </TableRowColumn>
        </TableRow>
        <TableRow
          displayBorder={true}
          hoverable={false}
          hovered={false}
          selectable={true}
          selected={false}
          striped={false}>
          <TableRowColumn
            hoverable={false}>
            College
          </TableRowColumn>
          <TableRowColumn
            hoverable={false}>
            New College
          </TableRowColumn>
        </TableRow>
      </TableBody>
    </Table>
  </CardText>
</Card>
`;
