exports[`test Renders properly 1`] = `
<form>
  <Cell
    desktop={6}
    desktopOffset={3}
    tablet={6}
    tabletOffset={1}>
    <Card
      expandable={false}
      expanded={null}
      initiallyExpanded={false}>
      <CardTitle
        title="Login" />
      <CardText>
        <div>
          Not got an account yet? 
          <Link
            onlyActiveOnIndex={false}
            style={Object {}}
            to="/register">
            Register
          </Link>
        </div>
        <Field
          component={[Function]}
          floatingLabelText="Username"
          fullWidth={true}
          name="username" />
        <Field
          component={[Function]}
          floatingLabelText="Password"
          fullWidth={true}
          name="password"
          type="password" />
      </CardText>
      <CardActions>
        <RaisedButton
          disabled={false}
          fullWidth={false}
          label="Log in"
          labelPosition="after"
          primary={true}
          secondary={false}
          type="submit" />
      </CardActions>
    </Card>
  </Cell>
</form>
`;
